INFO: D:/dev/ufa/shared_service/main.go:34:  Hello World!
DEBUG: D:/dev/ufa/shared_service/main.go:35:  Hello World!
ERROR: D:/dev/ufa/shared_service/main.go:36:  Hello World!
TRACE: D:/dev/ufa/shared_service/main.go:37:  Hello World!
D:/dev/ufa/shared_service/main.go:38:  Hello World!
